[?2004h]10;?]11;?]12;?[?25l

[JM[Asuccess
[K[?25h[?2004l