[?2004h]11;#ffffff[?25l

[JM[Asuccess
[K[?25h[?2004l]111