[?2004h[?25l

[JM[Asuccess
[K[?25h[?2004l