[?2004h[?25l

[JM[Asuccess[?25h
[K[?2004l