[?2004h[?2027h[?2027$p[?25l

[JM[Asuccess
[K[?25h[?2004l[?2027l