[?2004h[>4;1m[>3u[?25l

[JM[Asuccess
[K[?25h[?2004l[>4;0m[>0u